<!DOCTYPE html PUBLIC "-//W3C//DTD XHTML 1.0 Transitional//EN" SYSTEM "http://www.w3.org/TR/xhtml1/DTD/xhtml1-transitional.dtd">
<html xmlns="http://www.w3.org/1999/xhtml"><head><meta content="text/html; charset=utf-8" http-equiv="Content-Type"/><title>scipy.optimize.golden — SciPy v0.11.dev Reference Guide (DRAFT)</title><link href="../_static/scipy.css" rel="stylesheet" type="text/css"/><link href="../_static/pygments.css" rel="stylesheet" type="text/css"/><script type="text/javascript">
      var DOCUMENTATION_OPTIONS = {
        URL_ROOT:    '../',
        VERSION:     '0.11.0.dev-b924f0b',
        COLLAPSE_INDEX: false,
        FILE_SUFFIX: '.html',
        HAS_SOURCE:  true
      };
    </script><script src="../_static/jquery.js" type="text/javascript"></script><script src="../_static/underscore.js" type="text/javascript"></script><script src="../_static/doctools.js" type="text/javascript"></script><link href="../index.html" rel="top" title="SciPy v0.11.dev Reference Guide (DRAFT)"/><link href="../optimize.html" rel="up" title="Optimization and root finding (scipy.optimize)"/><link href="scipy.optimize.bracket.html" rel="next" title="scipy.optimize.bracket"/><link href="scipy.optimize.brent.html" rel="prev" title="scipy.optimize.brent"/></head><body>
<div class="related">
<h3>Navigation</h3>
<ul>
<li class="right" style="margin-right: 10px">
<a accesskey="I" href="../genindex.html" title="General Index">index</a></li>
<li class="right">
<a href="../py-modindex.html" title="Python Module Index">modules</a> |</li>
<li class="right">
<a href="../np-modindex.html" title="Python Module Index">modules</a> |</li>
<li class="right">
<a accesskey="N" href="scipy.optimize.bracket.html" title="scipy.optimize.bracket">next</a> |</li>
<li class="right">
<a accesskey="P" href="scipy.optimize.brent.html" title="scipy.optimize.brent">previous</a> |</li>
<li><a href="../index.html">SciPy v0.11.dev Reference Guide (DRAFT)</a> »</li>
<li><a accesskey="U" href="../optimize.html">Optimization and root finding (<tt class="docutils literal docutils literal docutils literal docutils literal docutils literal docutils literal docutils literal docutils literal docutils literal docutils literal docutils literal docutils literal docutils literal docutils literal docutils literal docutils literal docutils literal docutils literal docutils literal docutils literal docutils literal docutils literal docutils literal docutils literal docutils literal docutils literal docutils literal docutils literal"><span class="pre">scipy.optimize</span></tt>)</a> »</li>
</ul>
</div>
<div class="document">
<div class="documentwrapper">
<div class="bodywrapper">
<div class="body">
<div class="section" id="scipy-optimize-golden">
<h1>scipy.optimize.golden<a class="headerlink" href="#scipy-optimize-golden" title="Permalink to this headline">¶</a></h1>
<dl class="function">
<a name="//apple_ref/cpp/func/scipy.optimize.golden"></a><dt id="scipy.optimize.golden">
<tt class="descclassname">scipy.optimize.</tt><tt class="descname">golden</tt><big>(</big><em>func</em>, <em>args=()</em>, <em>brack=None</em>, <em>tol=1.4901161193847656e-08</em>, <em>full_output=0</em><big>)</big><a class="headerlink" href="#scipy.optimize.golden" title="Permalink to this definition">¶</a></dt>
<dd><p>Given a function of one-variable and a possible bracketing interval,
return the minimum of the function isolated to a fractional precision of
tol.</p>
<table class="docutils field-list" frame="void" rules="none">
<col class="field-name"></col>
<col class="field-body"></col>
<tbody valign="top">
<tr class="field"><th class="field-name">Parameters :</th><td class="field-body"><p class="first"><strong>func</strong> : callable func(x,*args)</p>
<blockquote>
<div><p>Objective function to minimize.</p>
</div></blockquote>
<p><strong>args</strong> : tuple</p>
<blockquote>
<div><p>Additional arguments (if present), passed to func.</p>
</div></blockquote>
<p><strong>brack</strong> : tuple</p>
<blockquote>
<div><p>Triple (a,b,c), where (a&lt;b&lt;c) and func(b) &lt;
func(a),func(c).  If bracket consists of two numbers (a,
c), then they are assumed to be a starting interval for a
downhill bracket search (see <a class="reference internal" href="scipy.optimize.bracket.html#scipy.optimize.bracket" title="scipy.optimize.bracket"><tt class="xref py py-obj docutils literal"><span class="pre">bracket</span></tt></a>); it doesn’t always
mean that obtained solution will satisfy a&lt;=x&lt;=c.</p>
</div></blockquote>
<p><strong>tol</strong> : float</p>
<blockquote>
<div><p>x tolerance stop criterion</p>
</div></blockquote>
<p><strong>full_output</strong> : bool</p>
<blockquote class="last">
<div><p>If True, return optional outputs.</p>
</div></blockquote>
</td>
</tr>
</tbody>
</table>
<p class="rubric">Notes</p>
<p>Uses analog of bisection method to decrease the bracketed
interval.</p>
</dd></dl>
</div>
</div>
</div>
</div>
<div class="sphinxsidebar">
<div class="sphinxsidebarwrapper">
<p class="logo"><a href="../index.html">
<img alt="Logo" class="logo" src="../_static/scipyshiny_small.png"/>
</a></p>
<h4>Previous topic</h4>
<p class="topless"><a href="scipy.optimize.brent.html" title="previous chapter">scipy.optimize.brent</a></p>
<h4>Next topic</h4>
<p class="topless"><a href="scipy.optimize.bracket.html" title="next chapter">scipy.optimize.bracket</a></p>
<h3>This Page</h3>
<ul class="this-page-menu">
<li><a href="../_sources/generated/scipy.optimize.golden.txt" rel="nofollow">Show Source</a></li>
</ul>
<ul class="this-page-menu">
<li><a href="/scipy/docs/scipy.optimize.golden">Edit page</a></li>
</ul>
<div id="searchbox" style="display: none">
<h3>Quick search</h3>
<form action="../search.html" class="search" method="get">
<input name="q" size="18" type="text"/>
<input type="submit" value="Go"/>
<input name="check_keywords" type="hidden" value="yes"/>
<input name="area" type="hidden" value="default"/>
</form>
<p class="searchtip" style="font-size: 90%">
    Enter search terms or a module, class or function name.
    </p>
</div>
<script type="text/javascript">$('#searchbox').show(0);</script>
</div>
</div>
<div class="clearer"></div>
</div>
<div class="related">
<h3>Navigation</h3>
<ul>
<li class="right" style="margin-right: 10px">
<a href="../genindex.html" title="General Index">index</a></li>
<li class="right">
<a href="../py-modindex.html" title="Python Module Index">modules</a> |</li>
<li class="right">
<a href="../np-modindex.html" title="Python Module Index">modules</a> |</li>
<li class="right">
<a href="scipy.optimize.bracket.html" title="scipy.optimize.bracket">next</a> |</li>
<li class="right">
<a href="scipy.optimize.brent.html" title="scipy.optimize.brent">previous</a> |</li>
<li><a href="../index.html">SciPy v0.11.dev Reference Guide (DRAFT)</a> »</li>
<li><a href="../optimize.html">Optimization and root finding (<tt class="docutils literal docutils literal docutils literal docutils literal docutils literal docutils literal docutils literal docutils literal docutils literal docutils literal docutils literal docutils literal docutils literal docutils literal docutils literal docutils literal docutils literal docutils literal docutils literal docutils literal docutils literal docutils literal docutils literal docutils literal docutils literal docutils literal docutils literal docutils literal"><span class="pre">scipy.optimize</span></tt>)</a> »</li>
</ul>
</div>
<div class="footer">
        © Copyright 2008-2009, The Scipy community.
      Last updated on Feb 24, 2012.
      Created using <a href="http://sphinx.pocoo.org/">Sphinx</a> 1.0.7.
    </div>
</body></html>